2025-12-24 13:00:22,507 INFO o.h.v.i.u.Version [background-preinit] HV000001: Hibernate Validator 8.0.3.Final
2025-12-24 13:00:22,558 INFO o.s.b.StartupInfoLogger [main] Starting Application using Java 21.0.4 with PID 15240 (C:\Users\fdezd\OneDrive\Desktop\2DAM\ACCESO A DATOS\AA1AccesoADatos\62RosasTattoo\target\classes started by fdezd in C:\Users\fdezd\OneDrive\Desktop\2DAM\ACCESO A DATOS\AA1AccesoADatos\62RosasTattoo)
2025-12-24 13:00:22,560 INFO o.s.b.SpringApplication [main] No active profile set, falling back to 1 default profile: "default"
2025-12-24 13:00:23,167 INFO o.s.d.r.c.RepositoryConfigurationDelegate [main] Bootstrapping Spring Data JPA repositories in DEFAULT mode.
2025-12-24 13:00:23,237 INFO o.s.d.r.c.RepositoryConfigurationDelegate [main] Finished Spring Data repository scanning in 59 ms. Found 5 JPA repository interfaces.
2025-12-24 13:00:23,687 INFO o.s.b.w.e.t.TomcatWebServer [main] Tomcat initialized with port 8080 (http)
2025-12-24 13:00:23,700 INFO o.a.j.l.DirectJDKLog [main] Initializing ProtocolHandler ["http-nio-8080"]
2025-12-24 13:00:23,702 INFO o.a.j.l.DirectJDKLog [main] Starting service [Tomcat]
2025-12-24 13:00:23,705 INFO o.a.j.l.DirectJDKLog [main] Starting Servlet engine: [Apache Tomcat/10.1.48]
2025-12-24 13:00:23,758 INFO o.a.j.l.DirectJDKLog [main] Initializing Spring embedded WebApplicationContext
2025-12-24 13:00:23,761 INFO o.s.b.w.s.c.ServletWebServerApplicationContext [main] Root WebApplicationContext: initialization completed in 1166 ms
2025-12-24 13:00:23,901 INFO o.h.j.i.u.LogHelper [main] HHH000204: Processing PersistenceUnitInfo [name: default]
2025-12-24 13:00:23,964 INFO o.h.Version [main] HHH000412: Hibernate ORM core version 6.6.33.Final
2025-12-24 13:00:23,995 INFO o.h.c.i.RegionFactoryInitiator [main] HHH000026: Second-level cache disabled
2025-12-24 13:00:24,278 INFO o.s.o.j.p.SpringPersistenceUnitInfo [main] No LoadTimeWeaver setup: ignoring JPA class transformer
2025-12-24 13:00:24,310 INFO c.z.h.HikariDataSource [main] HikariPool-1 - Starting...
2025-12-24 13:00:24,421 INFO c.z.h.p.HikariPool [main] HikariPool-1 - Added connection org.mariadb.jdbc.Connection@642c72cf
2025-12-24 13:00:24,423 INFO c.z.h.HikariDataSource [main] HikariPool-1 - Start completed.
2025-12-24 13:00:24,458 WARN o.h.e.j.d.i.DialectFactoryImpl [main] HHH90000025: MariaDBDialect does not need to be specified explicitly using 'hibernate.dialect' (remove the property setting and it will be selected by default)
2025-12-24 13:00:24,477 INFO o.h.e.j.e.i.JdbcEnvironmentInitiator [main] HHH10001005: Database info:
	Database JDBC URL [Connecting through datasource 'HikariDataSource (HikariPool-1)']
	Database driver: undefined/unknown
	Database version: 11.3.2
	Autocommit mode: undefined/unknown
	Isolation level: undefined/unknown
	Minimum pool size: undefined/unknown
	Maximum pool size: undefined/unknown
2025-12-24 13:00:25,397 INFO o.h.e.t.j.p.i.JtaPlatformInitiator [main] HHH000489: No JTA platform available (set 'hibernate.transaction.jta.platform' to enable JTA platform integration)
2025-12-24 13:00:25,465 INFO o.s.o.j.AbstractEntityManagerFactoryBean [main] Initialized JPA EntityManagerFactory for persistence unit 'default'
2025-12-24 13:00:25,697 INFO o.s.d.j.r.q.QueryEnhancerFactory [main] Hibernate is in classpath; If applicable, HQL parser will be used.
2025-12-24 13:00:26,747 WARN o.s.b.a.o.j.JpaBaseConfiguration$JpaWebConfiguration [main] spring.jpa.open-in-view is enabled by default. Therefore, database queries may be performed during view rendering. Explicitly configure spring.jpa.open-in-view to disable this warning
2025-12-24 13:00:27,012 INFO o.a.j.l.DirectJDKLog [main] Starting ProtocolHandler ["http-nio-8080"]
2025-12-24 13:00:27,036 INFO o.s.b.w.e.t.TomcatWebServer [main] Tomcat started on port 8080 (http) with context path '/'
2025-12-24 13:00:27,045 INFO o.s.b.StartupInfoLogger [main] Started Application in 4.984 seconds (process running for 5.288)
2025-12-24 13:01:32,139 INFO o.a.j.l.DirectJDKLog [http-nio-8080-exec-1] Initializing Spring DispatcherServlet 'dispatcherServlet'
2025-12-24 13:01:32,142 INFO o.s.w.s.FrameworkServlet [http-nio-8080-exec-1] Initializing Servlet 'dispatcherServlet'
2025-12-24 13:01:32,149 INFO o.s.w.s.FrameworkServlet [http-nio-8080-exec-1] Completed initialization in 7 ms
2025-12-24 13:01:32,461 INFO c.s.R.c.RequestLoggingFilter [http-nio-8080-exec-1] HTTP GET /tattoos -> 200 (307 ms)
2025-12-24 13:01:35,698 INFO c.s.R.c.RequestLoggingFilter [http-nio-8080-exec-3] HTTP GET /tattoos -> 200 (15 ms)
2025-12-24 13:02:02,484 INFO c.s.R.c.RequestLoggingFilter [http-nio-8080-exec-5] HTTP GET /tattoos -> 200 (13 ms)
2025-12-24 13:02:26,761 INFO c.s.R.c.RequestLoggingFilter [http-nio-8080-exec-7] HTTP GET /tattoos -> 200 (12 ms)
2025-12-24 13:28:51,992 INFO c.s.R.c.RequestLoggingFilter [http-nio-8080-exec-8] HTTP GET /tattoos -> 200 (72 ms)
2025-12-24 13:34:41,817 INFO c.s.R.c.RequestLoggingFilter [http-nio-8080-exec-1] HTTP GET /tattoos -> 200 (31 ms)
2025-12-24 13:34:55,353 INFO c.s.R.c.RequestLoggingFilter [http-nio-8080-exec-2] HTTP GET /tattoos -> 200 (16 ms)
2025-12-24 13:35:11,519 INFO c.s.R.c.RequestLoggingFilter [http-nio-8080-exec-3] HTTP GET /tattoos -> 200 (11 ms)
2025-12-24 13:48:01,694 INFO c.s.R.c.RequestLoggingFilter [http-nio-8080-exec-7] HTTP GET /tattoos -> 200 (17 ms)
2025-12-24 13:48:17,109 INFO c.s.R.c.RequestLoggingFilter [http-nio-8080-exec-9] HTTP GET /tattoos -> 200 (12 ms)
2025-12-24 14:05:34,857 INFO c.s.R.c.RequestLoggingFilter [http-nio-8080-exec-1] HTTP GET /tattoos -> 200 (36 ms)
2025-12-24 14:05:44,376 INFO c.s.R.c.RequestLoggingFilter [http-nio-8080-exec-2] HTTP GET /tattoos -> 200 (13 ms)
2025-12-24 14:07:22,351 INFO c.s.R.c.RequestLoggingFilter [http-nio-8080-exec-5] HTTP GET /tattoos -> 200 (15 ms)
2025-12-24 14:10:32,772 INFO c.s.R.c.RequestLoggingFilter [http-nio-8080-exec-7] HTTP GET /tattoos -> 200 (13 ms)
2025-12-24 14:11:01,964 INFO c.s.R.c.RequestLoggingFilter [http-nio-8080-exec-8] HTTP GET /tattoos -> 200 (12 ms)
2025-12-24 14:14:23,407 INFO c.s.R.c.RequestLoggingFilter [http-nio-8080-exec-1] HTTP GET /tattoos -> 200 (19 ms)
2025-12-24 14:14:30,488 INFO c.s.R.c.RequestLoggingFilter [http-nio-8080-exec-2] HTTP GET /tattoos -> 200 (14 ms)
2025-12-24 14:29:43,804 INFO c.s.R.c.RequestLoggingFilter [http-nio-8080-exec-5] HTTP GET /tattoos -> 200 (80 ms)
2025-12-24 14:39:56,194 INFO c.s.R.c.RequestLoggingFilter [http-nio-8080-exec-7] HTTP GET /tattoos -> 200 (15 ms)
2025-12-24 14:42:52,338 INFO c.s.R.c.RequestLoggingFilter [http-nio-8080-exec-8] HTTP GET /tattoos -> 200 (12 ms)
2025-12-24 14:50:08,959 INFO c.s.R.c.RequestLoggingFilter [http-nio-8080-exec-1] HTTP GET /tattoos -> 200 (52 ms)
2025-12-24 14:57:21,689 INFO c.s.R.c.RequestLoggingFilter [http-nio-8080-exec-3] HTTP GET /tattoos -> 200 (21 ms)
2025-12-24 15:05:31,135 INFO c.s.R.c.RequestLoggingFilter [http-nio-8080-exec-5] HTTP GET /tattoos -> 200 (164 ms)
