2026-03-26 15:54:30,547 INFO o.h.v.i.u.Version [background-preinit] HV000001: Hibernate Validator 8.0.3.Final
2026-03-26 15:54:30,601 INFO o.s.b.StartupInfoLogger [main] Starting Application using Java 21.0.4 with PID 9612 (C:\Users\fdezd\OneDrive\Desktop\2DAM\ACCESO A DATOS\AA2 Acceso a Datos\62RosasTattoo\target\classes started by fdezd in C:\Users\fdezd\OneDrive\Desktop\2DAM\ACCESO A DATOS\AA2 Acceso a Datos\62RosasTattoo)
2026-03-26 15:54:30,603 INFO o.s.b.SpringApplication [main] No active profile set, falling back to 1 default profile: "default"
2026-03-26 15:54:31,194 INFO o.s.d.r.c.RepositoryConfigurationDelegate [main] Bootstrapping Spring Data JPA repositories in DEFAULT mode.
2026-03-26 15:54:31,264 INFO o.s.d.r.c.RepositoryConfigurationDelegate [main] Finished Spring Data repository scanning in 56 ms. Found 5 JPA repository interfaces.
2026-03-26 15:54:31,727 INFO o.s.b.w.e.t.TomcatWebServer [main] Tomcat initialized with port 8080 (http)
2026-03-26 15:54:31,742 INFO o.a.j.l.DirectJDKLog [main] Initializing ProtocolHandler ["http-nio-8080"]
2026-03-26 15:54:31,744 INFO o.a.j.l.DirectJDKLog [main] Starting service [Tomcat]
2026-03-26 15:54:31,745 INFO o.a.j.l.DirectJDKLog [main] Starting Servlet engine: [Apache Tomcat/10.1.48]
2026-03-26 15:54:31,805 INFO o.a.j.l.DirectJDKLog [main] Initializing Spring embedded WebApplicationContext
2026-03-26 15:54:31,806 INFO o.s.b.w.s.c.ServletWebServerApplicationContext [main] Root WebApplicationContext: initialization completed in 1164 ms
2026-03-26 15:54:31,952 INFO o.h.j.i.u.LogHelper [main] HHH000204: Processing PersistenceUnitInfo [name: default]
2026-03-26 15:54:32,016 INFO o.h.Version [main] HHH000412: Hibernate ORM core version 6.6.33.Final
2026-03-26 15:54:32,053 INFO o.h.c.i.RegionFactoryInitiator [main] HHH000026: Second-level cache disabled
2026-03-26 15:54:32,337 INFO o.s.o.j.p.SpringPersistenceUnitInfo [main] No LoadTimeWeaver setup: ignoring JPA class transformer
2026-03-26 15:54:32,367 INFO c.z.h.HikariDataSource [main] HikariPool-1 - Starting...
2026-03-26 15:54:32,469 INFO c.z.h.p.HikariPool [main] HikariPool-1 - Added connection org.mariadb.jdbc.Connection@1a0d313
2026-03-26 15:54:32,471 INFO c.z.h.HikariDataSource [main] HikariPool-1 - Start completed.
2026-03-26 15:54:32,502 WARN o.h.e.j.d.i.DialectFactoryImpl [main] HHH90000025: MariaDBDialect does not need to be specified explicitly using 'hibernate.dialect' (remove the property setting and it will be selected by default)
2026-03-26 15:54:32,522 INFO o.h.e.j.e.i.JdbcEnvironmentInitiator [main] HHH10001005: Database info:
	Database JDBC URL [Connecting through datasource 'HikariDataSource (HikariPool-1)']
	Database driver: undefined/unknown
	Database version: 11.3.2
	Autocommit mode: undefined/unknown
	Isolation level: undefined/unknown
	Minimum pool size: undefined/unknown
	Maximum pool size: undefined/unknown
2026-03-26 15:54:33,359 INFO o.h.e.t.j.p.i.JtaPlatformInitiator [main] HHH000489: No JTA platform available (set 'hibernate.transaction.jta.platform' to enable JTA platform integration)
2026-03-26 15:54:33,546 INFO o.s.o.j.AbstractEntityManagerFactoryBean [main] Initialized JPA EntityManagerFactory for persistence unit 'default'
2026-03-26 15:54:33,756 INFO o.s.d.j.r.q.QueryEnhancerFactory [main] Hibernate is in classpath; If applicable, HQL parser will be used.
2026-03-26 15:54:34,876 WARN o.s.b.a.o.j.JpaBaseConfiguration$JpaWebConfiguration [main] spring.jpa.open-in-view is enabled by default. Therefore, database queries may be performed during view rendering. Explicitly configure spring.jpa.open-in-view to disable this warning
2026-03-26 15:54:35,154 INFO o.a.j.l.DirectJDKLog [main] Starting ProtocolHandler ["http-nio-8080"]
2026-03-26 15:54:35,174 INFO o.s.b.w.e.t.TomcatWebServer [main] Tomcat started on port 8080 (http) with context path '/'
2026-03-26 15:54:35,180 INFO o.s.b.StartupInfoLogger [main] Started Application in 5.117 seconds (process running for 5.449)
2026-03-26 15:55:06,738 INFO o.s.b.w.e.t.GracefulShutdown [SpringApplicationShutdownHook] Commencing graceful shutdown. Waiting for active requests to complete
2026-03-26 15:55:06,746 INFO o.s.b.w.e.t.GracefulShutdown [tomcat-shutdown] Graceful shutdown complete
2026-03-26 15:55:06,749 INFO o.s.o.j.AbstractEntityManagerFactoryBean [SpringApplicationShutdownHook] Closing JPA EntityManagerFactory for persistence unit 'default'
2026-03-26 15:55:06,750 INFO c.z.h.HikariDataSource [SpringApplicationShutdownHook] HikariPool-1 - Shutdown initiated...
2026-03-26 15:55:06,760 INFO c.z.h.HikariDataSource [SpringApplicationShutdownHook] HikariPool-1 - Shutdown completed.
